[0.277s] Invoking command in '/home/lincoln/Marble_Balancing_Robotic_Arm/40_Simulation/MBR_ws/build/ur_description': CMAKE_PREFIX_PATH=/opt/ros/humble /usr/bin/cmake /home/lincoln/Marble_Balancing_Robotic_Arm/40_Simulation/MBR_ws/src/Universal_Robots_ROS2_Description -DAMENT_CMAKE_SYMLINK_INSTALL=1 -DCMAKE_INSTALL_PREFIX=/home/lincoln/Marble_Balancing_Robotic_Arm/40_Simulation/MBR_ws/install/ur_description
[0.344s] -- The C compiler identification is GNU 11.4.0
[0.385s] -- The CXX compiler identification is GNU 11.4.0
[0.391s] -- Detecting C compiler ABI info
[0.436s] -- Detecting C compiler ABI info - done
[0.439s] -- Check for working C compiler: /usr/bin/cc - skipped
[0.440s] -- Detecting C compile features
[0.440s] -- Detecting C compile features - done
[0.442s] -- Detecting CXX compiler ABI info
[0.493s] -- Detecting CXX compiler ABI info - done
[0.497s] -- Check for working CXX compiler: /usr/bin/c++ - skipped
[0.497s] -- Detecting CXX compile features
[0.497s] -- Detecting CXX compile features - done
[0.499s] -- Found ament_cmake: 1.3.12 (/opt/ros/humble/share/ament_cmake/cmake)
[0.594s] -- Found Python3: /usr/bin/python3 (found version "3.10.12") found components: Interpreter 
[0.635s] -- Override CMake install command with custom implementation using symlinks instead of copying resources
[0.659s] -- Found ament_cmake_pytest: 1.3.12 (/opt/ros/humble/share/ament_cmake_pytest/cmake)
[1.097s] -- Configuring done
[1.098s] -- Generating done
[1.098s] -- Build files have been written to: /home/lincoln/Marble_Balancing_Robotic_Arm/40_Simulation/MBR_ws/build/ur_description
[1.101s] Invoked command in '/home/lincoln/Marble_Balancing_Robotic_Arm/40_Simulation/MBR_ws/build/ur_description' returned '0': CMAKE_PREFIX_PATH=/opt/ros/humble /usr/bin/cmake /home/lincoln/Marble_Balancing_Robotic_Arm/40_Simulation/MBR_ws/src/Universal_Robots_ROS2_Description -DAMENT_CMAKE_SYMLINK_INSTALL=1 -DCMAKE_INSTALL_PREFIX=/home/lincoln/Marble_Balancing_Robotic_Arm/40_Simulation/MBR_ws/install/ur_description
[1.103s] Invoking command in '/home/lincoln/Marble_Balancing_Robotic_Arm/40_Simulation/MBR_ws/build/ur_description': CMAKE_PREFIX_PATH=/opt/ros/humble /usr/bin/cmake --build /home/lincoln/Marble_Balancing_Robotic_Arm/40_Simulation/MBR_ws/build/ur_description -- -j28 -l28
[1.129s] Invoked command in '/home/lincoln/Marble_Balancing_Robotic_Arm/40_Simulation/MBR_ws/build/ur_description' returned '0': CMAKE_PREFIX_PATH=/opt/ros/humble /usr/bin/cmake --build /home/lincoln/Marble_Balancing_Robotic_Arm/40_Simulation/MBR_ws/build/ur_description -- -j28 -l28
[1.136s] Invoking command in '/home/lincoln/Marble_Balancing_Robotic_Arm/40_Simulation/MBR_ws/build/ur_description': CMAKE_PREFIX_PATH=/opt/ros/humble /usr/bin/cmake --install /home/lincoln/Marble_Balancing_Robotic_Arm/40_Simulation/MBR_ws/build/ur_description
[1.140s] -- Install configuration: ""
[1.141s] -- Execute custom install script
[1.142s] -- Symlinking: /home/lincoln/Marble_Balancing_Robotic_Arm/40_Simulation/MBR_ws/install/ur_description/share/ur_description/config/initial_positions.yaml
[1.147s] -- Symlinking: /home/lincoln/Marble_Balancing_Robotic_Arm/40_Simulation/MBR_ws/install/ur_description/share/ur_description/config/ur10/default_kinematics.yaml
[1.152s] -- Symlinking: /home/lincoln/Marble_Balancing_Robotic_Arm/40_Simulation/MBR_ws/install/ur_description/share/ur_description/config/ur10/joint_limits.yaml
[1.158s] -- Symlinking: /home/lincoln/Marble_Balancing_Robotic_Arm/40_Simulation/MBR_ws/install/ur_description/share/ur_description/config/ur10/physical_parameters.yaml
[1.163s] -- Symlinking: /home/lincoln/Marble_Balancing_Robotic_Arm/40_Simulation/MBR_ws/install/ur_description/share/ur_description/config/ur10/visual_parameters.yaml
[1.166s] -- Symlinking: /home/lincoln/Marble_Balancing_Robotic_Arm/40_Simulation/MBR_ws/install/ur_description/share/ur_description/config/ur10e/default_kinematics.yaml
[1.172s] -- Symlinking: /home/lincoln/Marble_Balancing_Robotic_Arm/40_Simulation/MBR_ws/install/ur_description/share/ur_description/config/ur10e/joint_limits.yaml
[1.176s] -- Symlinking: /home/lincoln/Marble_Balancing_Robotic_Arm/40_Simulation/MBR_ws/install/ur_description/share/ur_description/config/ur10e/physical_parameters.yaml
[1.180s] -- Symlinking: /home/lincoln/Marble_Balancing_Robotic_Arm/40_Simulation/MBR_ws/install/ur_description/share/ur_description/config/ur10e/visual_parameters.yaml
[1.186s] -- Symlinking: /home/lincoln/Marble_Balancing_Robotic_Arm/40_Simulation/MBR_ws/install/ur_description/share/ur_description/config/ur12e/default_kinematics.yaml
[1.192s] -- Symlinking: /home/lincoln/Marble_Balancing_Robotic_Arm/40_Simulation/MBR_ws/install/ur_description/share/ur_description/config/ur12e/joint_limits.yaml
[1.196s] -- Symlinking: /home/lincoln/Marble_Balancing_Robotic_Arm/40_Simulation/MBR_ws/install/ur_description/share/ur_description/config/ur12e/physical_parameters.yaml
[1.201s] -- Symlinking: /home/lincoln/Marble_Balancing_Robotic_Arm/40_Simulation/MBR_ws/install/ur_description/share/ur_description/config/ur12e/visual_parameters.yaml
[1.206s] -- Symlinking: /home/lincoln/Marble_Balancing_Robotic_Arm/40_Simulation/MBR_ws/install/ur_description/share/ur_description/config/ur15/default_kinematics.yaml
[1.212s] -- Symlinking: /home/lincoln/Marble_Balancing_Robotic_Arm/40_Simulation/MBR_ws/install/ur_description/share/ur_description/config/ur15/joint_limits.yaml
[1.216s] -- Symlinking: /home/lincoln/Marble_Balancing_Robotic_Arm/40_Simulation/MBR_ws/install/ur_description/share/ur_description/config/ur15/physical_parameters.yaml
[1.221s] -- Symlinking: /home/lincoln/Marble_Balancing_Robotic_Arm/40_Simulation/MBR_ws/install/ur_description/share/ur_description/config/ur15/visual_parameters.yaml
[1.227s] -- Symlinking: /home/lincoln/Marble_Balancing_Robotic_Arm/40_Simulation/MBR_ws/install/ur_description/share/ur_description/config/ur16e/default_kinematics.yaml
[1.233s] -- Symlinking: /home/lincoln/Marble_Balancing_Robotic_Arm/40_Simulation/MBR_ws/install/ur_description/share/ur_description/config/ur16e/joint_limits.yaml
[1.237s] -- Symlinking: /home/lincoln/Marble_Balancing_Robotic_Arm/40_Simulation/MBR_ws/install/ur_description/share/ur_description/config/ur16e/physical_parameters.yaml
[1.243s] -- Symlinking: /home/lincoln/Marble_Balancing_Robotic_Arm/40_Simulation/MBR_ws/install/ur_description/share/ur_description/config/ur16e/visual_parameters.yaml
[1.248s] -- Symlinking: /home/lincoln/Marble_Balancing_Robotic_Arm/40_Simulation/MBR_ws/install/ur_description/share/ur_description/config/ur18/default_kinematics.yaml
[1.254s] -- Symlinking: /home/lincoln/Marble_Balancing_Robotic_Arm/40_Simulation/MBR_ws/install/ur_description/share/ur_description/config/ur18/joint_limits.yaml
[1.259s] -- Symlinking: /home/lincoln/Marble_Balancing_Robotic_Arm/40_Simulation/MBR_ws/install/ur_description/share/ur_description/config/ur18/physical_parameters.yaml
[1.264s] -- Symlinking: /home/lincoln/Marble_Balancing_Robotic_Arm/40_Simulation/MBR_ws/install/ur_description/share/ur_description/config/ur18/visual_parameters.yaml
[1.270s] -- Symlinking: /home/lincoln/Marble_Balancing_Robotic_Arm/40_Simulation/MBR_ws/install/ur_description/share/ur_description/config/ur20/default_kinematics.yaml
[1.274s] -- Symlinking: /home/lincoln/Marble_Balancing_Robotic_Arm/40_Simulation/MBR_ws/install/ur_description/share/ur_description/config/ur20/joint_limits.yaml
[1.278s] -- Symlinking: /home/lincoln/Marble_Balancing_Robotic_Arm/40_Simulation/MBR_ws/install/ur_description/share/ur_description/config/ur20/physical_parameters.yaml
[1.283s] -- Symlinking: /home/lincoln/Marble_Balancing_Robotic_Arm/40_Simulation/MBR_ws/install/ur_description/share/ur_description/config/ur20/visual_parameters.yaml
[1.288s] -- Symlinking: /home/lincoln/Marble_Balancing_Robotic_Arm/40_Simulation/MBR_ws/install/ur_description/share/ur_description/config/ur3/default_kinematics.yaml
[1.293s] -- Symlinking: /home/lincoln/Marble_Balancing_Robotic_Arm/40_Simulation/MBR_ws/install/ur_description/share/ur_description/config/ur3/joint_limits.yaml
[1.299s] -- Symlinking: /home/lincoln/Marble_Balancing_Robotic_Arm/40_Simulation/MBR_ws/install/ur_description/share/ur_description/config/ur3/physical_parameters.yaml
[1.305s] -- Symlinking: /home/lincoln/Marble_Balancing_Robotic_Arm/40_Simulation/MBR_ws/install/ur_description/share/ur_description/config/ur3/visual_parameters.yaml
[1.310s] -- Symlinking: /home/lincoln/Marble_Balancing_Robotic_Arm/40_Simulation/MBR_ws/install/ur_description/share/ur_description/config/ur30/default_kinematics.yaml
[1.314s] -- Symlinking: /home/lincoln/Marble_Balancing_Robotic_Arm/40_Simulation/MBR_ws/install/ur_description/share/ur_description/config/ur30/joint_limits.yaml
[1.318s] -- Symlinking: /home/lincoln/Marble_Balancing_Robotic_Arm/40_Simulation/MBR_ws/install/ur_description/share/ur_description/config/ur30/physical_parameters.yaml
[1.323s] -- Symlinking: /home/lincoln/Marble_Balancing_Robotic_Arm/40_Simulation/MBR_ws/install/ur_description/share/ur_description/config/ur30/visual_parameters.yaml
[1.328s] -- Symlinking: /home/lincoln/Marble_Balancing_Robotic_Arm/40_Simulation/MBR_ws/install/ur_description/share/ur_description/config/ur3e/default_kinematics.yaml
[1.333s] -- Symlinking: /home/lincoln/Marble_Balancing_Robotic_Arm/40_Simulation/MBR_ws/install/ur_description/share/ur_description/config/ur3e/joint_limits.yaml
[1.338s] -- Symlinking: /home/lincoln/Marble_Balancing_Robotic_Arm/40_Simulation/MBR_ws/install/ur_description/share/ur_description/config/ur3e/physical_parameters.yaml
[1.344s] -- Symlinking: /home/lincoln/Marble_Balancing_Robotic_Arm/40_Simulation/MBR_ws/install/ur_description/share/ur_description/config/ur3e/visual_parameters.yaml
[1.348s] -- Symlinking: /home/lincoln/Marble_Balancing_Robotic_Arm/40_Simulation/MBR_ws/install/ur_description/share/ur_description/config/ur5/default_kinematics.yaml
[1.352s] -- Symlinking: /home/lincoln/Marble_Balancing_Robotic_Arm/40_Simulation/MBR_ws/install/ur_description/share/ur_description/config/ur5/joint_limits.yaml
[1.356s] -- Symlinking: /home/lincoln/Marble_Balancing_Robotic_Arm/40_Simulation/MBR_ws/install/ur_description/share/ur_description/config/ur5/physical_parameters.yaml
[1.360s] -- Symlinking: /home/lincoln/Marble_Balancing_Robotic_Arm/40_Simulation/MBR_ws/install/ur_description/share/ur_description/config/ur5/visual_parameters.yaml
[1.365s] -- Symlinking: /home/lincoln/Marble_Balancing_Robotic_Arm/40_Simulation/MBR_ws/install/ur_description/share/ur_description/config/ur5e/default_kinematics.yaml
[1.371s] -- Symlinking: /home/lincoln/Marble_Balancing_Robotic_Arm/40_Simulation/MBR_ws/install/ur_description/share/ur_description/config/ur5e/joint_limits.yaml
[1.375s] -- Symlinking: /home/lincoln/Marble_Balancing_Robotic_Arm/40_Simulation/MBR_ws/install/ur_description/share/ur_description/config/ur5e/physical_parameters.yaml
[1.379s] -- Symlinking: /home/lincoln/Marble_Balancing_Robotic_Arm/40_Simulation/MBR_ws/install/ur_description/share/ur_description/config/ur5e/visual_parameters.yaml
[1.383s] -- Symlinking: /home/lincoln/Marble_Balancing_Robotic_Arm/40_Simulation/MBR_ws/install/ur_description/share/ur_description/config/ur7e/default_kinematics.yaml
[1.388s] -- Symlinking: /home/lincoln/Marble_Balancing_Robotic_Arm/40_Simulation/MBR_ws/install/ur_description/share/ur_description/config/ur7e/joint_limits.yaml
[1.393s] -- Symlinking: /home/lincoln/Marble_Balancing_Robotic_Arm/40_Simulation/MBR_ws/install/ur_description/share/ur_description/config/ur7e/physical_parameters.yaml
[1.399s] -- Symlinking: /home/lincoln/Marble_Balancing_Robotic_Arm/40_Simulation/MBR_ws/install/ur_description/share/ur_description/config/ur7e/view_ur_initial_positions.yaml
[1.404s] -- Symlinking: /home/lincoln/Marble_Balancing_Robotic_Arm/40_Simulation/MBR_ws/install/ur_description/share/ur_description/config/ur7e/visual_parameters.yaml
[1.408s] -- Symlinking: /home/lincoln/Marble_Balancing_Robotic_Arm/40_Simulation/MBR_ws/install/ur_description/share/ur_description/config/ur8long/default_kinematics.yaml
[1.413s] -- Symlinking: /home/lincoln/Marble_Balancing_Robotic_Arm/40_Simulation/MBR_ws/install/ur_description/share/ur_description/config/ur8long/joint_limits.yaml
[1.417s] -- Symlinking: /home/lincoln/Marble_Balancing_Robotic_Arm/40_Simulation/MBR_ws/install/ur_description/share/ur_description/config/ur8long/physical_parameters.yaml
[1.423s] -- Symlinking: /home/lincoln/Marble_Balancing_Robotic_Arm/40_Simulation/MBR_ws/install/ur_description/share/ur_description/config/ur8long/visual_parameters.yaml
[1.427s] -- Symlinking: /home/lincoln/Marble_Balancing_Robotic_Arm/40_Simulation/MBR_ws/install/ur_description/share/ur_description/launch/view_ur.launch.py
[1.433s] -- Symlinking: /home/lincoln/Marble_Balancing_Robotic_Arm/40_Simulation/MBR_ws/install/ur_description/share/ur_description/meshes/ur10/collision/base.stl
[1.437s] -- Symlinking: /home/lincoln/Marble_Balancing_Robotic_Arm/40_Simulation/MBR_ws/install/ur_description/share/ur_description/meshes/ur10/collision/forearm.stl
[1.442s] -- Symlinking: /home/lincoln/Marble_Balancing_Robotic_Arm/40_Simulation/MBR_ws/install/ur_description/share/ur_description/meshes/ur10/collision/shoulder.stl
[1.446s] -- Symlinking: /home/lincoln/Marble_Balancing_Robotic_Arm/40_Simulation/MBR_ws/install/ur_description/share/ur_description/meshes/ur10/collision/upperarm.stl
[1.451s] -- Symlinking: /home/lincoln/Marble_Balancing_Robotic_Arm/40_Simulation/MBR_ws/install/ur_description/share/ur_description/meshes/ur10/collision/wrist1.stl
[1.455s] -- Symlinking: /home/lincoln/Marble_Balancing_Robotic_Arm/40_Simulation/MBR_ws/install/ur_description/share/ur_description/meshes/ur10/collision/wrist2.stl
[1.459s] -- Symlinking: /home/lincoln/Marble_Balancing_Robotic_Arm/40_Simulation/MBR_ws/install/ur_description/share/ur_description/meshes/ur10/collision/wrist3.stl
[1.464s] -- Symlinking: /home/lincoln/Marble_Balancing_Robotic_Arm/40_Simulation/MBR_ws/install/ur_description/share/ur_description/meshes/ur10/visual/base.dae
[1.469s] -- Symlinking: /home/lincoln/Marble_Balancing_Robotic_Arm/40_Simulation/MBR_ws/install/ur_description/share/ur_description/meshes/ur10/visual/forearm.dae
[1.474s] -- Symlinking: /home/lincoln/Marble_Balancing_Robotic_Arm/40_Simulation/MBR_ws/install/ur_description/share/ur_description/meshes/ur10/visual/shoulder.dae
[1.480s] -- Symlinking: /home/lincoln/Marble_Balancing_Robotic_Arm/40_Simulation/MBR_ws/install/ur_description/share/ur_description/meshes/ur10/visual/upperarm.dae
[1.486s] -- Symlinking: /home/lincoln/Marble_Balancing_Robotic_Arm/40_Simulation/MBR_ws/install/ur_description/share/ur_description/meshes/ur10/visual/wrist1.dae
[1.491s] -- Symlinking: /home/lincoln/Marble_Balancing_Robotic_Arm/40_Simulation/MBR_ws/install/ur_description/share/ur_description/meshes/ur10/visual/wrist2.dae
[1.497s] -- Symlinking: /home/lincoln/Marble_Balancing_Robotic_Arm/40_Simulation/MBR_ws/install/ur_description/share/ur_description/meshes/ur10/visual/wrist3.dae
[1.503s] -- Symlinking: /home/lincoln/Marble_Balancing_Robotic_Arm/40_Simulation/MBR_ws/install/ur_description/share/ur_description/meshes/ur10e/collision/base.stl
[1.509s] -- Symlinking: /home/lincoln/Marble_Balancing_Robotic_Arm/40_Simulation/MBR_ws/install/ur_description/share/ur_description/meshes/ur10e/collision/forearm.stl
[1.514s] -- Symlinking: /home/lincoln/Marble_Balancing_Robotic_Arm/40_Simulation/MBR_ws/install/ur_description/share/ur_description/meshes/ur10e/collision/shoulder.stl
[1.519s] -- Symlinking: /home/lincoln/Marble_Balancing_Robotic_Arm/40_Simulation/MBR_ws/install/ur_description/share/ur_description/meshes/ur10e/collision/upperarm.stl
[1.524s] -- Symlinking: /home/lincoln/Marble_Balancing_Robotic_Arm/40_Simulation/MBR_ws/install/ur_description/share/ur_description/meshes/ur10e/collision/wrist1.stl
[1.530s] -- Symlinking: /home/lincoln/Marble_Balancing_Robotic_Arm/40_Simulation/MBR_ws/install/ur_description/share/ur_description/meshes/ur10e/collision/wrist2.stl
[1.537s] -- Symlinking: /home/lincoln/Marble_Balancing_Robotic_Arm/40_Simulation/MBR_ws/install/ur_description/share/ur_description/meshes/ur10e/collision/wrist3.stl
[1.544s] -- Symlinking: /home/lincoln/Marble_Balancing_Robotic_Arm/40_Simulation/MBR_ws/install/ur_description/share/ur_description/meshes/ur10e/visual/base.dae
[1.550s] -- Symlinking: /home/lincoln/Marble_Balancing_Robotic_Arm/40_Simulation/MBR_ws/install/ur_description/share/ur_description/meshes/ur10e/visual/forearm.dae
[1.555s] -- Symlinking: /home/lincoln/Marble_Balancing_Robotic_Arm/40_Simulation/MBR_ws/install/ur_description/share/ur_description/meshes/ur10e/visual/shoulder.dae
[1.560s] -- Symlinking: /home/lincoln/Marble_Balancing_Robotic_Arm/40_Simulation/MBR_ws/install/ur_description/share/ur_description/meshes/ur10e/visual/upperarm.dae
[1.567s] -- Symlinking: /home/lincoln/Marble_Balancing_Robotic_Arm/40_Simulation/MBR_ws/install/ur_description/share/ur_description/meshes/ur10e/visual/wrist1.dae
[1.573s] -- Symlinking: /home/lincoln/Marble_Balancing_Robotic_Arm/40_Simulation/MBR_ws/install/ur_description/share/ur_description/meshes/ur10e/visual/wrist2.dae
[1.578s] -- Symlinking: /home/lincoln/Marble_Balancing_Robotic_Arm/40_Simulation/MBR_ws/install/ur_description/share/ur_description/meshes/ur10e/visual/wrist3.dae
[1.585s] -- Symlinking: /home/lincoln/Marble_Balancing_Robotic_Arm/40_Simulation/MBR_ws/install/ur_description/share/ur_description/meshes/ur15/LICENSE.txt
[1.591s] -- Symlinking: /home/lincoln/Marble_Balancing_Robotic_Arm/40_Simulation/MBR_ws/install/ur_description/share/ur_description/meshes/ur15/collision/base.stl
[1.597s] -- Symlinking: /home/lincoln/Marble_Balancing_Robotic_Arm/40_Simulation/MBR_ws/install/ur_description/share/ur_description/meshes/ur15/collision/forearm.stl
[1.602s] -- Symlinking: /home/lincoln/Marble_Balancing_Robotic_Arm/40_Simulation/MBR_ws/install/ur_description/share/ur_description/meshes/ur15/collision/shoulder.stl
[1.608s] -- Symlinking: /home/lincoln/Marble_Balancing_Robotic_Arm/40_Simulation/MBR_ws/install/ur_description/share/ur_description/meshes/ur15/collision/upperarm.stl
[1.613s] -- Symlinking: /home/lincoln/Marble_Balancing_Robotic_Arm/40_Simulation/MBR_ws/install/ur_description/share/ur_description/meshes/ur15/collision/wrist1.stl
[1.618s] -- Symlinking: /home/lincoln/Marble_Balancing_Robotic_Arm/40_Simulation/MBR_ws/install/ur_description/share/ur_description/meshes/ur15/collision/wrist2.stl
[1.624s] -- Symlinking: /home/lincoln/Marble_Balancing_Robotic_Arm/40_Simulation/MBR_ws/install/ur_description/share/ur_description/meshes/ur15/collision/wrist3.stl
[1.629s] -- Symlinking: /home/lincoln/Marble_Balancing_Robotic_Arm/40_Simulation/MBR_ws/install/ur_description/share/ur_description/meshes/ur15/visual/UR15_DIFF_8bit_2K.jpg
[1.634s] -- Symlinking: /home/lincoln/Marble_Balancing_Robotic_Arm/40_Simulation/MBR_ws/install/ur_description/share/ur_description/meshes/ur15/visual/base.dae
[1.638s] -- Symlinking: /home/lincoln/Marble_Balancing_Robotic_Arm/40_Simulation/MBR_ws/install/ur_description/share/ur_description/meshes/ur15/visual/forearm.dae
[1.644s] -- Symlinking: /home/lincoln/Marble_Balancing_Robotic_Arm/40_Simulation/MBR_ws/install/ur_description/share/ur_description/meshes/ur15/visual/shoulder.dae
[1.649s] -- Symlinking: /home/lincoln/Marble_Balancing_Robotic_Arm/40_Simulation/MBR_ws/install/ur_description/share/ur_description/meshes/ur15/visual/upperarm.dae
[1.654s] -- Symlinking: /home/lincoln/Marble_Balancing_Robotic_Arm/40_Simulation/MBR_ws/install/ur_description/share/ur_description/meshes/ur15/visual/wrist1.dae
[1.660s] -- Symlinking: /home/lincoln/Marble_Balancing_Robotic_Arm/40_Simulation/MBR_ws/install/ur_description/share/ur_description/meshes/ur15/visual/wrist2.dae
[1.664s] -- Symlinking: /home/lincoln/Marble_Balancing_Robotic_Arm/40_Simulation/MBR_ws/install/ur_description/share/ur_description/meshes/ur15/visual/wrist3.dae
[1.669s] -- Symlinking: /home/lincoln/Marble_Balancing_Robotic_Arm/40_Simulation/MBR_ws/install/ur_description/share/ur_description/meshes/ur16e/collision/forearm.stl
[1.673s] -- Symlinking: /home/lincoln/Marble_Balancing_Robotic_Arm/40_Simulation/MBR_ws/install/ur_description/share/ur_description/meshes/ur16e/collision/upperarm.stl
[1.679s] -- Symlinking: /home/lincoln/Marble_Balancing_Robotic_Arm/40_Simulation/MBR_ws/install/ur_description/share/ur_description/meshes/ur16e/visual/forearm.dae
[1.684s] -- Symlinking: /home/lincoln/Marble_Balancing_Robotic_Arm/40_Simulation/MBR_ws/install/ur_description/share/ur_description/meshes/ur16e/visual/upperarm.dae
[1.689s] -- Symlinking: /home/lincoln/Marble_Balancing_Robotic_Arm/40_Simulation/MBR_ws/install/ur_description/share/ur_description/meshes/ur18/LICENSE.txt
[1.694s] -- Symlinking: /home/lincoln/Marble_Balancing_Robotic_Arm/40_Simulation/MBR_ws/install/ur_description/share/ur_description/meshes/ur18/collision/forearm.stl
[1.698s] -- Symlinking: /home/lincoln/Marble_Balancing_Robotic_Arm/40_Simulation/MBR_ws/install/ur_description/share/ur_description/meshes/ur18/collision/upperarm.stl
[1.702s] -- Symlinking: /home/lincoln/Marble_Balancing_Robotic_Arm/40_Simulation/MBR_ws/install/ur_description/share/ur_description/meshes/ur18/visual/UR18_DIFF_8bit_2K.jpg
[1.708s] -- Symlinking: /home/lincoln/Marble_Balancing_Robotic_Arm/40_Simulation/MBR_ws/install/ur_description/share/ur_description/meshes/ur18/visual/forearm.dae
[1.714s] -- Symlinking: /home/lincoln/Marble_Balancing_Robotic_Arm/40_Simulation/MBR_ws/install/ur_description/share/ur_description/meshes/ur18/visual/upperarm.dae
[1.719s] -- Symlinking: /home/lincoln/Marble_Balancing_Robotic_Arm/40_Simulation/MBR_ws/install/ur_description/share/ur_description/meshes/ur20/LICENSE.txt
[1.724s] -- Symlinking: /home/lincoln/Marble_Balancing_Robotic_Arm/40_Simulation/MBR_ws/install/ur_description/share/ur_description/meshes/ur20/collision/base.stl
[1.729s] -- Symlinking: /home/lincoln/Marble_Balancing_Robotic_Arm/40_Simulation/MBR_ws/install/ur_description/share/ur_description/meshes/ur20/collision/forearm.stl
[1.735s] -- Symlinking: /home/lincoln/Marble_Balancing_Robotic_Arm/40_Simulation/MBR_ws/install/ur_description/share/ur_description/meshes/ur20/collision/shoulder.stl
[1.739s] -- Symlinking: /home/lincoln/Marble_Balancing_Robotic_Arm/40_Simulation/MBR_ws/install/ur_description/share/ur_description/meshes/ur20/collision/upperarm.stl
[1.744s] -- Symlinking: /home/lincoln/Marble_Balancing_Robotic_Arm/40_Simulation/MBR_ws/install/ur_description/share/ur_description/meshes/ur20/collision/wrist1.stl
[1.748s] -- Symlinking: /home/lincoln/Marble_Balancing_Robotic_Arm/40_Simulation/MBR_ws/install/ur_description/share/ur_description/meshes/ur20/collision/wrist2.stl
[1.753s] -- Symlinking: /home/lincoln/Marble_Balancing_Robotic_Arm/40_Simulation/MBR_ws/install/ur_description/share/ur_description/meshes/ur20/collision/wrist3.stl
[1.758s] -- Symlinking: /home/lincoln/Marble_Balancing_Robotic_Arm/40_Simulation/MBR_ws/install/ur_description/share/ur_description/meshes/ur20/visual/UR20_DIFF_8bit_2K.png
[1.763s] -- Symlinking: /home/lincoln/Marble_Balancing_Robotic_Arm/40_Simulation/MBR_ws/install/ur_description/share/ur_description/meshes/ur20/visual/base.dae
[1.769s] -- Symlinking: /home/lincoln/Marble_Balancing_Robotic_Arm/40_Simulation/MBR_ws/install/ur_description/share/ur_description/meshes/ur20/visual/forearm.dae
[1.773s] -- Symlinking: /home/lincoln/Marble_Balancing_Robotic_Arm/40_Simulation/MBR_ws/install/ur_description/share/ur_description/meshes/ur20/visual/shoulder.dae
[1.779s] -- Symlinking: /home/lincoln/Marble_Balancing_Robotic_Arm/40_Simulation/MBR_ws/install/ur_description/share/ur_description/meshes/ur20/visual/upperarm.dae
[1.785s] -- Symlinking: /home/lincoln/Marble_Balancing_Robotic_Arm/40_Simulation/MBR_ws/install/ur_description/share/ur_description/meshes/ur20/visual/wrist1.dae
[1.791s] -- Symlinking: /home/lincoln/Marble_Balancing_Robotic_Arm/40_Simulation/MBR_ws/install/ur_description/share/ur_description/meshes/ur20/visual/wrist2.dae
[1.796s] -- Symlinking: /home/lincoln/Marble_Balancing_Robotic_Arm/40_Simulation/MBR_ws/install/ur_description/share/ur_description/meshes/ur20/visual/wrist3.dae
[1.802s] -- Symlinking: /home/lincoln/Marble_Balancing_Robotic_Arm/40_Simulation/MBR_ws/install/ur_description/share/ur_description/meshes/ur3/collision/base.stl
[1.808s] -- Symlinking: /home/lincoln/Marble_Balancing_Robotic_Arm/40_Simulation/MBR_ws/install/ur_description/share/ur_description/meshes/ur3/collision/forearm.stl
[1.813s] -- Symlinking: /home/lincoln/Marble_Balancing_Robotic_Arm/40_Simulation/MBR_ws/install/ur_description/share/ur_description/meshes/ur3/collision/shoulder.stl
[1.819s] -- Symlinking: /home/lincoln/Marble_Balancing_Robotic_Arm/40_Simulation/MBR_ws/install/ur_description/share/ur_description/meshes/ur3/collision/upperarm.stl
[1.823s] -- Symlinking: /home/lincoln/Marble_Balancing_Robotic_Arm/40_Simulation/MBR_ws/install/ur_description/share/ur_description/meshes/ur3/collision/wrist1.stl
[1.828s] -- Symlinking: /home/lincoln/Marble_Balancing_Robotic_Arm/40_Simulation/MBR_ws/install/ur_description/share/ur_description/meshes/ur3/collision/wrist2.stl
[1.833s] -- Symlinking: /home/lincoln/Marble_Balancing_Robotic_Arm/40_Simulation/MBR_ws/install/ur_description/share/ur_description/meshes/ur3/collision/wrist3.stl
[1.837s] -- Symlinking: /home/lincoln/Marble_Balancing_Robotic_Arm/40_Simulation/MBR_ws/install/ur_description/share/ur_description/meshes/ur3/visual/base.dae
[1.842s] -- Symlinking: /home/lincoln/Marble_Balancing_Robotic_Arm/40_Simulation/MBR_ws/install/ur_description/share/ur_description/meshes/ur3/visual/forearm.dae
[1.848s] -- Symlinking: /home/lincoln/Marble_Balancing_Robotic_Arm/40_Simulation/MBR_ws/install/ur_description/share/ur_description/meshes/ur3/visual/shoulder.dae
[1.852s] -- Symlinking: /home/lincoln/Marble_Balancing_Robotic_Arm/40_Simulation/MBR_ws/install/ur_description/share/ur_description/meshes/ur3/visual/upperarm.dae
[1.857s] -- Symlinking: /home/lincoln/Marble_Balancing_Robotic_Arm/40_Simulation/MBR_ws/install/ur_description/share/ur_description/meshes/ur3/visual/wrist1.dae
[1.862s] -- Symlinking: /home/lincoln/Marble_Balancing_Robotic_Arm/40_Simulation/MBR_ws/install/ur_description/share/ur_description/meshes/ur3/visual/wrist2.dae
[1.867s] -- Symlinking: /home/lincoln/Marble_Balancing_Robotic_Arm/40_Simulation/MBR_ws/install/ur_description/share/ur_description/meshes/ur3/visual/wrist3.dae
[1.872s] -- Symlinking: /home/lincoln/Marble_Balancing_Robotic_Arm/40_Simulation/MBR_ws/install/ur_description/share/ur_description/meshes/ur30/LICENSE.txt
[1.878s] -- Symlinking: /home/lincoln/Marble_Balancing_Robotic_Arm/40_Simulation/MBR_ws/install/ur_description/share/ur_description/meshes/ur30/collision/forearm.stl
[1.884s] -- Symlinking: /home/lincoln/Marble_Balancing_Robotic_Arm/40_Simulation/MBR_ws/install/ur_description/share/ur_description/meshes/ur30/collision/upperarm.stl
[1.890s] -- Symlinking: /home/lincoln/Marble_Balancing_Robotic_Arm/40_Simulation/MBR_ws/install/ur_description/share/ur_description/meshes/ur30/visual/UR30_DIFF_8bit_2K.png
[1.894s] -- Symlinking: /home/lincoln/Marble_Balancing_Robotic_Arm/40_Simulation/MBR_ws/install/ur_description/share/ur_description/meshes/ur30/visual/forearm.dae
[1.900s] -- Symlinking: /home/lincoln/Marble_Balancing_Robotic_Arm/40_Simulation/MBR_ws/install/ur_description/share/ur_description/meshes/ur30/visual/upperarm.dae
[1.905s] -- Symlinking: /home/lincoln/Marble_Balancing_Robotic_Arm/40_Simulation/MBR_ws/install/ur_description/share/ur_description/meshes/ur3e/collision/base.stl
[1.911s] -- Symlinking: /home/lincoln/Marble_Balancing_Robotic_Arm/40_Simulation/MBR_ws/install/ur_description/share/ur_description/meshes/ur3e/collision/forearm.stl
[1.917s] -- Symlinking: /home/lincoln/Marble_Balancing_Robotic_Arm/40_Simulation/MBR_ws/install/ur_description/share/ur_description/meshes/ur3e/collision/shoulder.stl
[1.921s] -- Symlinking: /home/lincoln/Marble_Balancing_Robotic_Arm/40_Simulation/MBR_ws/install/ur_description/share/ur_description/meshes/ur3e/collision/upperarm.stl
[1.928s] -- Symlinking: /home/lincoln/Marble_Balancing_Robotic_Arm/40_Simulation/MBR_ws/install/ur_description/share/ur_description/meshes/ur3e/collision/wrist1.stl
[1.934s] -- Symlinking: /home/lincoln/Marble_Balancing_Robotic_Arm/40_Simulation/MBR_ws/install/ur_description/share/ur_description/meshes/ur3e/collision/wrist2.stl
[1.939s] -- Symlinking: /home/lincoln/Marble_Balancing_Robotic_Arm/40_Simulation/MBR_ws/install/ur_description/share/ur_description/meshes/ur3e/collision/wrist3.stl
[1.945s] -- Symlinking: /home/lincoln/Marble_Balancing_Robotic_Arm/40_Simulation/MBR_ws/install/ur_description/share/ur_description/meshes/ur3e/visual/base.dae
[1.950s] -- Symlinking: /home/lincoln/Marble_Balancing_Robotic_Arm/40_Simulation/MBR_ws/install/ur_description/share/ur_description/meshes/ur3e/visual/forearm.dae
[1.955s] -- Symlinking: /home/lincoln/Marble_Balancing_Robotic_Arm/40_Simulation/MBR_ws/install/ur_description/share/ur_description/meshes/ur3e/visual/shoulder.dae
[1.960s] -- Symlinking: /home/lincoln/Marble_Balancing_Robotic_Arm/40_Simulation/MBR_ws/install/ur_description/share/ur_description/meshes/ur3e/visual/upperarm.dae
[1.965s] -- Symlinking: /home/lincoln/Marble_Balancing_Robotic_Arm/40_Simulation/MBR_ws/install/ur_description/share/ur_description/meshes/ur3e/visual/wrist1.dae
[1.969s] -- Symlinking: /home/lincoln/Marble_Balancing_Robotic_Arm/40_Simulation/MBR_ws/install/ur_description/share/ur_description/meshes/ur3e/visual/wrist2.dae
[1.973s] -- Symlinking: /home/lincoln/Marble_Balancing_Robotic_Arm/40_Simulation/MBR_ws/install/ur_description/share/ur_description/meshes/ur3e/visual/wrist3.dae
[1.978s] -- Symlinking: /home/lincoln/Marble_Balancing_Robotic_Arm/40_Simulation/MBR_ws/install/ur_description/share/ur_description/meshes/ur5/collision/base.stl
[1.983s] -- Symlinking: /home/lincoln/Marble_Balancing_Robotic_Arm/40_Simulation/MBR_ws/install/ur_description/share/ur_description/meshes/ur5/collision/forearm.stl
[1.990s] -- Symlinking: /home/lincoln/Marble_Balancing_Robotic_Arm/40_Simulation/MBR_ws/install/ur_description/share/ur_description/meshes/ur5/collision/shoulder.stl
[1.996s] -- Symlinking: /home/lincoln/Marble_Balancing_Robotic_Arm/40_Simulation/MBR_ws/install/ur_description/share/ur_description/meshes/ur5/collision/upperarm.stl
[2.001s] -- Symlinking: /home/lincoln/Marble_Balancing_Robotic_Arm/40_Simulation/MBR_ws/install/ur_description/share/ur_description/meshes/ur5/collision/wrist1.stl
[2.006s] -- Symlinking: /home/lincoln/Marble_Balancing_Robotic_Arm/40_Simulation/MBR_ws/install/ur_description/share/ur_description/meshes/ur5/collision/wrist2.stl
[2.010s] -- Symlinking: /home/lincoln/Marble_Balancing_Robotic_Arm/40_Simulation/MBR_ws/install/ur_description/share/ur_description/meshes/ur5/collision/wrist3.stl
[2.015s] -- Symlinking: /home/lincoln/Marble_Balancing_Robotic_Arm/40_Simulation/MBR_ws/install/ur_description/share/ur_description/meshes/ur5/visual/base.dae
[2.020s] -- Symlinking: /home/lincoln/Marble_Balancing_Robotic_Arm/40_Simulation/MBR_ws/install/ur_description/share/ur_description/meshes/ur5/visual/forearm.dae
[2.026s] -- Symlinking: /home/lincoln/Marble_Balancing_Robotic_Arm/40_Simulation/MBR_ws/install/ur_description/share/ur_description/meshes/ur5/visual/shoulder.dae
[2.032s] -- Symlinking: /home/lincoln/Marble_Balancing_Robotic_Arm/40_Simulation/MBR_ws/install/ur_description/share/ur_description/meshes/ur5/visual/upperarm.dae
[2.037s] -- Symlinking: /home/lincoln/Marble_Balancing_Robotic_Arm/40_Simulation/MBR_ws/install/ur_description/share/ur_description/meshes/ur5/visual/wrist1.dae
[2.041s] -- Symlinking: /home/lincoln/Marble_Balancing_Robotic_Arm/40_Simulation/MBR_ws/install/ur_description/share/ur_description/meshes/ur5/visual/wrist2.dae
[2.047s] -- Symlinking: /home/lincoln/Marble_Balancing_Robotic_Arm/40_Simulation/MBR_ws/install/ur_description/share/ur_description/meshes/ur5/visual/wrist3.dae
[2.052s] -- Symlinking: /home/lincoln/Marble_Balancing_Robotic_Arm/40_Simulation/MBR_ws/install/ur_description/share/ur_description/meshes/ur5e/collision/base.stl
[2.056s] -- Symlinking: /home/lincoln/Marble_Balancing_Robotic_Arm/40_Simulation/MBR_ws/install/ur_description/share/ur_description/meshes/ur5e/collision/forearm.stl
[2.062s] -- Symlinking: /home/lincoln/Marble_Balancing_Robotic_Arm/40_Simulation/MBR_ws/install/ur_description/share/ur_description/meshes/ur5e/collision/shoulder.stl
[2.069s] -- Symlinking: /home/lincoln/Marble_Balancing_Robotic_Arm/40_Simulation/MBR_ws/install/ur_description/share/ur_description/meshes/ur5e/collision/upperarm.stl
[2.073s] -- Symlinking: /home/lincoln/Marble_Balancing_Robotic_Arm/40_Simulation/MBR_ws/install/ur_description/share/ur_description/meshes/ur5e/collision/wrist1.stl
[2.079s] -- Symlinking: /home/lincoln/Marble_Balancing_Robotic_Arm/40_Simulation/MBR_ws/install/ur_description/share/ur_description/meshes/ur5e/collision/wrist2.stl
[2.086s] -- Symlinking: /home/lincoln/Marble_Balancing_Robotic_Arm/40_Simulation/MBR_ws/install/ur_description/share/ur_description/meshes/ur5e/collision/wrist3.stl
[2.091s] -- Symlinking: /home/lincoln/Marble_Balancing_Robotic_Arm/40_Simulation/MBR_ws/install/ur_description/share/ur_description/meshes/ur5e/visual/base.dae
[2.097s] -- Symlinking: /home/lincoln/Marble_Balancing_Robotic_Arm/40_Simulation/MBR_ws/install/ur_description/share/ur_description/meshes/ur5e/visual/forearm.dae
[2.104s] -- Symlinking: /home/lincoln/Marble_Balancing_Robotic_Arm/40_Simulation/MBR_ws/install/ur_description/share/ur_description/meshes/ur5e/visual/shoulder.dae
[2.110s] -- Symlinking: /home/lincoln/Marble_Balancing_Robotic_Arm/40_Simulation/MBR_ws/install/ur_description/share/ur_description/meshes/ur5e/visual/upperarm.dae
[2.114s] -- Symlinking: /home/lincoln/Marble_Balancing_Robotic_Arm/40_Simulation/MBR_ws/install/ur_description/share/ur_description/meshes/ur5e/visual/wrist1.dae
[2.119s] -- Symlinking: /home/lincoln/Marble_Balancing_Robotic_Arm/40_Simulation/MBR_ws/install/ur_description/share/ur_description/meshes/ur5e/visual/wrist2.dae
[2.124s] -- Symlinking: /home/lincoln/Marble_Balancing_Robotic_Arm/40_Simulation/MBR_ws/install/ur_description/share/ur_description/meshes/ur5e/visual/wrist3.dae
[2.128s] -- Symlinking: /home/lincoln/Marble_Balancing_Robotic_Arm/40_Simulation/MBR_ws/install/ur_description/share/ur_description/meshes/ur8long/LICENSE.txt
[2.133s] -- Symlinking: /home/lincoln/Marble_Balancing_Robotic_Arm/40_Simulation/MBR_ws/install/ur_description/share/ur_description/meshes/ur8long/collision/forearm.stl
[2.139s] -- Symlinking: /home/lincoln/Marble_Balancing_Robotic_Arm/40_Simulation/MBR_ws/install/ur_description/share/ur_description/meshes/ur8long/collision/upperarm.stl
[2.144s] -- Symlinking: /home/lincoln/Marble_Balancing_Robotic_Arm/40_Simulation/MBR_ws/install/ur_description/share/ur_description/meshes/ur8long/visual/UR8Long_DIFF_8bit_2K.jpg
[2.149s] -- Symlinking: /home/lincoln/Marble_Balancing_Robotic_Arm/40_Simulation/MBR_ws/install/ur_description/share/ur_description/meshes/ur8long/visual/forearm.dae
[2.154s] -- Symlinking: /home/lincoln/Marble_Balancing_Robotic_Arm/40_Simulation/MBR_ws/install/ur_description/share/ur_description/meshes/ur8long/visual/upperarm.dae
[2.159s] -- Symlinking: /home/lincoln/Marble_Balancing_Robotic_Arm/40_Simulation/MBR_ws/install/ur_description/share/ur_description/rviz/view_robot.rviz
[2.164s] -- Symlinking: /home/lincoln/Marble_Balancing_Robotic_Arm/40_Simulation/MBR_ws/install/ur_description/share/ur_description/urdf/inc/ur_common.xacro
[2.169s] -- Symlinking: /home/lincoln/Marble_Balancing_Robotic_Arm/40_Simulation/MBR_ws/install/ur_description/share/ur_description/urdf/inc/ur_joint_control.xacro
[2.173s] -- Symlinking: /home/lincoln/Marble_Balancing_Robotic_Arm/40_Simulation/MBR_ws/install/ur_description/share/ur_description/urdf/inc/ur_sensors.xacro
[2.179s] -- Symlinking: /home/lincoln/Marble_Balancing_Robotic_Arm/40_Simulation/MBR_ws/install/ur_description/share/ur_description/urdf/inc/ur_transmissions.xacro
[2.184s] -- Symlinking: /home/lincoln/Marble_Balancing_Robotic_Arm/40_Simulation/MBR_ws/install/ur_description/share/ur_description/urdf/ros2_control_mock_hardware.xacro
[2.190s] -- Symlinking: /home/lincoln/Marble_Balancing_Robotic_Arm/40_Simulation/MBR_ws/install/ur_description/share/ur_description/urdf/ur.urdf.xacro
[2.195s] -- Symlinking: /home/lincoln/Marble_Balancing_Robotic_Arm/40_Simulation/MBR_ws/install/ur_description/share/ur_description/urdf/ur_macro.xacro
[2.199s] -- Symlinking: /home/lincoln/Marble_Balancing_Robotic_Arm/40_Simulation/MBR_ws/install/ur_description/share/ur_description/urdf/ur_mocked.urdf.xacro
[2.204s] -- Symlinking: /home/lincoln/Marble_Balancing_Robotic_Arm/40_Simulation/MBR_ws/install/ur_description/share/ur_description/test/test_ur_urdf_xacro.py
[2.209s] -- Symlinking: /home/lincoln/Marble_Balancing_Robotic_Arm/40_Simulation/MBR_ws/install/ur_description/share/ur_description/test/test_view_ur_launch.py
[2.216s] -- Symlinking: /home/lincoln/Marble_Balancing_Robotic_Arm/40_Simulation/MBR_ws/install/ur_description/share/ament_index/resource_index/package_run_dependencies/ur_description
[2.220s] -- Symlinking: /home/lincoln/Marble_Balancing_Robotic_Arm/40_Simulation/MBR_ws/install/ur_description/share/ament_index/resource_index/parent_prefix_path/ur_description
[2.226s] -- Symlinking: /home/lincoln/Marble_Balancing_Robotic_Arm/40_Simulation/MBR_ws/install/ur_description/share/ur_description/environment/ament_prefix_path.sh
[2.231s] -- Symlinking: /home/lincoln/Marble_Balancing_Robotic_Arm/40_Simulation/MBR_ws/install/ur_description/share/ur_description/environment/ament_prefix_path.dsv
[2.237s] -- Symlinking: /home/lincoln/Marble_Balancing_Robotic_Arm/40_Simulation/MBR_ws/install/ur_description/share/ur_description/environment/path.sh
[2.241s] -- Symlinking: /home/lincoln/Marble_Balancing_Robotic_Arm/40_Simulation/MBR_ws/install/ur_description/share/ur_description/environment/path.dsv
[2.247s] -- Symlinking: /home/lincoln/Marble_Balancing_Robotic_Arm/40_Simulation/MBR_ws/install/ur_description/share/ur_description/local_setup.bash
[2.252s] -- Symlinking: /home/lincoln/Marble_Balancing_Robotic_Arm/40_Simulation/MBR_ws/install/ur_description/share/ur_description/local_setup.sh
[2.257s] -- Symlinking: /home/lincoln/Marble_Balancing_Robotic_Arm/40_Simulation/MBR_ws/install/ur_description/share/ur_description/local_setup.zsh
[2.262s] -- Symlinking: /home/lincoln/Marble_Balancing_Robotic_Arm/40_Simulation/MBR_ws/install/ur_description/share/ur_description/local_setup.dsv
[2.268s] -- Symlinking: /home/lincoln/Marble_Balancing_Robotic_Arm/40_Simulation/MBR_ws/install/ur_description/share/ur_description/package.dsv
[2.274s] -- Symlinking: /home/lincoln/Marble_Balancing_Robotic_Arm/40_Simulation/MBR_ws/install/ur_description/share/ament_index/resource_index/packages/ur_description
[2.279s] -- Symlinking: /home/lincoln/Marble_Balancing_Robotic_Arm/40_Simulation/MBR_ws/install/ur_description/share/ur_description/cmake/ur_descriptionConfig.cmake
[2.284s] -- Symlinking: /home/lincoln/Marble_Balancing_Robotic_Arm/40_Simulation/MBR_ws/install/ur_description/share/ur_description/cmake/ur_descriptionConfig-version.cmake
[2.289s] -- Symlinking: /home/lincoln/Marble_Balancing_Robotic_Arm/40_Simulation/MBR_ws/install/ur_description/share/ur_description/package.xml
[2.297s] Invoked command in '/home/lincoln/Marble_Balancing_Robotic_Arm/40_Simulation/MBR_ws/build/ur_description' returned '0': CMAKE_PREFIX_PATH=/opt/ros/humble /usr/bin/cmake --install /home/lincoln/Marble_Balancing_Robotic_Arm/40_Simulation/MBR_ws/build/ur_description
